---
source: tests/common/mod.rs
expression: content
---
# cargo-rust-library

[![Actions Status][actions badge]][actions]
[![CodeCov][codecov badge]][codecov]
[![LICENSE][license badge]][license]

cargo-rust-library's description

# Acknowledgements

<!-- Links -->
[actions]: https://github.com/<your-account>/cargo-rust-library/actions
[codecov]: https://codecov.io/gh/<your-account>/cargo-rust-library
[license]: LICENSES/MIT.txt

<!-- Badges -->
[actions badge]: https://github.com/<your-account>/cargo-rust-library/workflows/cargo-rust-library/badge.svg
[codecov badge]: https://codecov.io/gh/<your-account>/cargo-rust-library/branch/master/graph/badge.svg
[license badge]: https://img.shields.io/badge/license-MIT-blue.svg
