---
source: tests/common/mod.rs
expression: content
---
# poetry-python

[![Actions Status][actions badge]][actions]
[![CodeCov][codecov badge]][codecov]
[![LICENSE][license badge]][license]

poetry-python's description

# Acknowledgements

<!-- Links -->
[actions]: https://github.com/SoftengPoliTo/poetry-python/actions
[codecov]: https://codecov.io/gh/SoftengPoliTo/poetry-python
[license]: LICENSES/MIT.txt

<!-- Badges -->
[actions badge]: https://github.com/SoftengPoliTo/poetry-python/workflows/poetry-python/badge.svg
[codecov badge]: https://codecov.io/gh/SoftengPoliTo/poetry-python/branch/main/graph/badge.svg
[license badge]: https://img.shields.io/badge/license-MIT-blue.svg
