---
source: tests/common/mod.rs
expression: content
---
# C files contained in the directory
cli_src = files('tmp_template.c')

# Create a new executable
tmp_template_cli = executable(
    'tmp_template', # Executable name
    cli_src, # Executable files
    install: true, # Install the executable in some default filesystem positions
    include_directories: incs, # Directories to be included when building the executable
    dependencies: tmp_template_dep # Libraries to be linked at the executable
)

