---
source: tests/common/mod.rs
---
# Personal_Project

[![Actions Status][actions badge]][actions]
[![CodeCov][codecov badge]][codecov]
[![LICENSE][license badge]][license]

Personal_Project's description

# Acknowledgements

<!-- Links -->
[actions]: https://github.com/<your-account>/Personal_Project/actions
[codecov]: https://codecov.io/gh/<your-account>/Personal_Project
[license]: LICENSES/EUPL-1.2.txt

<!-- Badges -->
[actions badge]: https://github.com/<your-account>/Personal_Project/workflows/Personal_Project/badge.svg
[codecov badge]: https://codecov.io/gh/<your-account>/Personal_Project/branch/master/graph/badge.svg
[license badge]: https://img.shields.io/badge/license-EUPL-1.2-blue.svg
