---
source: tests/common/mod.rs
expression: content
---
# maven-java

[![Actions Status][actions badge]][actions]
[![CodeCov][codecov badge]][codecov]
[![LICENSE][license badge]][license]

maven-java's description

# Acknowledgements

<!-- Links -->
[actions]: https://github.com/<your-account>/maven-java/actions
[codecov]: https://codecov.io/gh/<your-account>/maven-java
[license]: LICENSES/BSD-1-Clause.txt

<!-- Badges -->
[actions badge]: https://github.com/<your-account>/maven-java/workflows/maven-java/badge.svg
[codecov badge]: https://codecov.io/gh/<your-account>/maven-java/branch/master/graph/badge.svg
[license badge]: https://img.shields.io/badge/license-BSD-1-Clause-blue.svg
