---
source: tests/common/mod.rs
expression: content
---
# MIT

[![Actions Status][actions badge]][actions]
[![CodeCov][codecov badge]][codecov]
[![LICENSE][license badge]][license]

MIT's description

# Acknowledgements

<!-- Links -->
[actions]: https://github.com/<your-account>/MIT/actions
[codecov]: https://codecov.io/gh/<your-account>/MIT
[license]: LICENSES/MIT.txt

<!-- Badges -->
[actions badge]: https://github.com/<your-account>/MIT/workflows/MIT/badge.svg
[codecov badge]: https://codecov.io/gh/<your-account>/MIT/branch/master/graph/badge.svg
[license badge]: https://img.shields.io/badge/license-MIT-blue.svg
