---
source: tests/common/mod.rs
expression: content
---
# Test_Project

[![Actions Status][actions badge]][actions]
[![CodeCov][codecov badge]][codecov]
[![LICENSE][license badge]][license]

Test_Project's description

# Acknowledgements

<!-- Links -->
[actions]: https://github.com/<your-account>/Test_Project/actions
[codecov]: https://codecov.io/gh/<your-account>/Test_Project
[license]: LICENSES/Apache-2.0.txt

<!-- Badges -->
[actions badge]: https://github.com/<your-account>/Test_Project/workflows/Test_Project/badge.svg
[codecov badge]: https://codecov.io/gh/<your-account>/Test_Project/branch/master/graph/badge.svg
[license badge]: https://img.shields.io/badge/license-Apache-2.0-blue.svg
