---
source: tests/common/mod.rs
expression: content
---
# yarn-javascript

[![Actions Status][actions badge]][actions]
[![CodeCov][codecov badge]][codecov]
[![LICENSE][license badge]][license]

yarn-javascript's description

# Acknowledgements

<!-- Links -->
[actions]: https://github.com/<your-account>/yarn-javascript/actions
[codecov]: https://codecov.io/gh/<your-account>/yarn-javascript
[license]: LICENSES/MIT.txt

<!-- Badges -->
[actions badge]: https://github.com/<your-account>/yarn-javascript/workflows/yarn-javascript/badge.svg
[codecov badge]: https://codecov.io/gh/<your-account>/yarn-javascript/branch/master/graph/badge.svg
[license badge]: https://img.shields.io/badge/license-MIT-blue.svg
